// Jest Snapshot v1, https://goo.gl/fbAQLP

exports[`add reference modal should render correct layout 1`] = `
<div
  className="ui small modal transition visible active"
  style={
    Object {
      "marginTop": undefined,
    }
  }
>
  <div
    className="content"
  >
    <form
      action={undefined}
      className="ui form"
      onSubmit={[Function]}
    >
      <div
        className="field"
      >
        <label>
          Filename
        </label>
        <input
          onChange={[Function]}
          placeholder="Type file name (local alias) here."
          value=""
        />
      </div>
      <div
        className="field"
      >
        <label>
          Document id
        </label>
        <div
          className="ui search"
          onBlur={[Function]}
          onFocus={[Function]}
          onMouseDown={[Function]}
          style={
            Object {
              "width": "100%",
            }
          }
        >
          <div
            className="ui left icon input"
          >
            <input
              autoComplete="off"
              className="prompt"
              disabled={undefined}
              onChange={[Function]}
              onClick={[Function]}
              placeholder="Start typing or paste document ID here."
              tabIndex="0"
              type="text"
              value=""
            />
            <i
              aria-hidden="true"
              className="search icon"
            />
          </div>
          <div
            className="results transition"
          >
            <div
              className="message empty"
            >
              <div
                className="header"
              >
                No results found.
              </div>
            </div>
          </div>
        </div>
      </div>
    </form>
  </div>
  <div
    className="actions"
  >
    <button
      className="ui button"
      data-test="cancel"
      disabled={undefined}
      onClick={[Function]}
      role="button"
      tabIndex={undefined}
    >
      <i
        aria-hidden="true"
        className="remove icon"
      />
      Cancel
    </button>
    <button
      className="ui primary disabled button"
      data-test="addReference"
      disabled={true}
      onClick={[Function]}
      role="button"
      tabIndex={-1}
    >
      <i
        aria-hidden="true"
        className="checkmark icon"
      />
      Add Reference
    </button>
  </div>
</div>
`;
